[08:55:19] [main/INFO]: Loading Minecraft 1.21.8 with Fabric Loader 0.17.2
[08:55:19] [main/WARN]: Warnings were found!
 - Mod 'Dynamic Lights' (dynamiclights) 1.8.9+mod recommends any version of midnightlib, which is missing!
	 - You should install any version of midnightlib for the optimal experience.
[08:55:19] [main/INFO]: Loading 75 mods:
	- antixray 1.4.10
	   |-- com_moandjiezana_toml_toml4j 0.7.2
	   \-- fabric-permissions-api-v0 0.4.0-SNAPSHOT
	- cloth-config 19.0.147
	   \-- cloth-basic-math 0.6.1
	- collective 8.4
	- dynamiclights 1.8.9+mod
	- fabric-api 0.132.0+1.21.8
	   |-- fabric-api-base 0.5.0+cd8c0daa2c
	   |-- fabric-api-lookup-api-v1 1.6.101+946bf4c32c
	   |-- fabric-biome-api-v1 16.0.11+946bf4c32c
	   |-- fabric-block-api-v1 1.1.3+946bf4c32c
	   |-- fabric-block-view-api-v2 1.0.31+946bf4c32c
	   |-- fabric-command-api-v2 2.3.1+52fff9ec2c
	   |-- fabric-content-registries-v0 10.0.19+946bf4c32c
	   |-- fabric-convention-tags-v1 2.1.41+7f945d5b2c
	   |-- fabric-convention-tags-v2 2.15.6+eb5df52f2c
	   |-- fabric-crash-report-info-v1 0.3.15+946bf4c32c
	   |-- fabric-data-attachment-api-v1 1.8.12+38b5f74e2c
	   |-- fabric-data-generation-api-v1 23.2.6+0b1ef9762c
	   |-- fabric-dimensions-v1 4.0.19+946bf4c32c
	   |-- fabric-entity-events-v1 2.1.2+c9e472732c
	   |-- fabric-events-interaction-v0 4.0.24+946bf4c32c
	   |-- fabric-game-rule-api-v1 1.0.73+c64c9c5b2c
	   |-- fabric-item-api-v1 11.5.0+02ce13f42c
	   |-- fabric-item-group-api-v1 4.2.14+c5f9bbc12c
	   |-- fabric-key-binding-api-v1 1.0.65+946bf4c32c
	   |-- fabric-lifecycle-events-v1 2.6.4+db4dfd852c
	   |-- fabric-loot-api-v2 3.0.56+3f89f5a52c
	   |-- fabric-loot-api-v3 2.0.3+946bf4c32c
	   |-- fabric-message-api-v1 6.1.2+946bf4c32c
	   |-- fabric-model-loading-api-v1 5.2.6+946bf4c32c
	   |-- fabric-networking-api-v1 5.0.2+946bf4c32c
	   |-- fabric-object-builder-api-v1 21.1.8+946bf4c32c
	   |-- fabric-particles-v1 4.1.8+946bf4c32c
	   |-- fabric-recipe-api-v1 8.1.15+946bf4c32c
	   |-- fabric-registry-sync-v0 6.1.28+946bf4c32c
	   |-- fabric-renderer-api-v1 7.0.3+208eed172c
	   |-- fabric-renderer-indigo 4.0.3+946bf4c32c
	   |-- fabric-rendering-fluids-v1 3.1.31+fa6cb72b2c
	   |-- fabric-rendering-v1 12.5.0+fbe231d52c
	   |-- fabric-resource-conditions-api-v1 5.0.25+98e6d6db2c
	   |-- fabric-resource-loader-v0 3.1.12+020423442c
	   |-- fabric-screen-api-v1 2.1.1+277ecf7d2c
	   |-- fabric-screen-handler-api-v1 1.3.137+946bf4c32c
	   |-- fabric-serialization-api-v1 1.0.0+fc0e5aba2c
	   |-- fabric-sound-api-v1 1.0.42+946bf4c32c
	   |-- fabric-tag-api-v1 1.2.2+946bf4c32c
	   |-- fabric-transfer-api-v1 6.0.6+946bf4c32c
	   \-- fabric-transitive-access-wideners-v1 6.4.1+ac3e15d12c
	- fabric-language-kotlin 1.13.4+kotlin.2.2.0
	   |-- org_jetbrains_kotlin_kotlin-reflect 2.2.0
	   |-- org_jetbrains_kotlin_kotlin-stdlib 2.2.0
	   |-- org_jetbrains_kotlin_kotlin-stdlib-jdk7 2.2.0
	   |-- org_jetbrains_kotlin_kotlin-stdlib-jdk8 2.2.0
	   |-- org_jetbrains_kotlinx_atomicfu-jvm 0.28.0
	   |-- org_jetbrains_kotlinx_kotlinx-coroutines-core-jvm 1.10.2
	   |-- org_jetbrains_kotlinx_kotlinx-coroutines-jdk8 1.10.2
	   |-- org_jetbrains_kotlinx_kotlinx-datetime-jvm 0.6.2
	   |-- org_jetbrains_kotlinx_kotlinx-io-bytestring-jvm 0.7.0
	   |-- org_jetbrains_kotlinx_kotlinx-io-core-jvm 0.7.0
	   |-- org_jetbrains_kotlinx_kotlinx-serialization-cbor-jvm 1.8.1
	   |-- org_jetbrains_kotlinx_kotlinx-serialization-core-jvm 1.8.1
	   \-- org_jetbrains_kotlinx_kotlinx-serialization-json-jvm 1.8.1
	- fabricloader 0.17.2
	   \-- mixinextras 0.5.0
	- java 21
	- lithium 0.18.0+mc1.21.8
	- minecraft 1.21.8
	- skinrestorer 2.4.3+1.21.6-fabric
	   \-- org_mineskin_java-client 3.0.6-SNAPSHOT
	- treeharvester 9.2
	- xaerominimap 25.2.12
	- yet_another_config_lib_v3 3.7.1+1.21.6-fabric
	   |-- com_twelvemonkeys_common_common-image 3.12.0
	   |-- com_twelvemonkeys_common_common-io 3.12.0
	   |-- com_twelvemonkeys_common_common-lang 3.12.0
	   |-- com_twelvemonkeys_imageio_imageio-core 3.12.0
	   |-- com_twelvemonkeys_imageio_imageio-metadata 3.12.0
	   |-- com_twelvemonkeys_imageio_imageio-webp 3.12.0
	   |-- org_quiltmc_parsers_gson 0.2.1
	   \-- org_quiltmc_parsers_json 0.2.1
[08:55:19] [main/INFO]: SpongePowered MIXIN Subsystem Version=0.8.7 Source=file:/data/libraries/net/fabricmc/sponge-mixin/0.16.3+mixin.0.8.7/sponge-mixin-0.16.3+mixin.0.8.7.jar Service=Knot/Fabric Env=SERVER
[08:55:20] [main/INFO]: Compatibility level set to JAVA_17
[08:55:20] [main/INFO]: Compatibility level set to JAVA_21
[08:55:20] [main/INFO]: Loaded configuration file for Lithium: 160 options available, 0 override(s) found.
[08:55:20] [main/WARN]: Reference map 'yet_another_config_lib_v3.refmap.json' for yacl.mixins.json could not be read. If this is a development environment you can ignore this message
[08:55:20] [main/WARN]: Reference map 'yet_another_config_lib_v3.refmap.json' for yacl-fabric.mixins.json could not be read. If this is a development environment you can ignore this message
[08:55:21] [main/INFO]: Initializing MixinExtras via com.llamalad7.mixinextras.service.MixinExtrasServiceImpl(version=0.5.0).
[08:55:28] [main/INFO]: Successfully initialized antixray for fabric
[08:55:28] [main/INFO]: Loading Collective version 8.4.
[08:55:28] [main/INFO]: [Dynamic Lights] Loaded Dynamic Lights by Tschipcraft successfully!
[08:55:29] [main/INFO]: Loading Xaero's Minimap - Stage 1/2 (Server)
[08:55:29] [main/INFO]: Environment: Environment[sessionHost=https://sessionserver.mojang.com, servicesHost=https://api.minecraftservices.com, name=PROD]
[08:55:31] [main/INFO]: Loaded 1407 recipes
[08:55:31] [main/INFO]: Loaded 1522 advancements
[08:55:32] [main/INFO]: Applied 0 biome modifications to 0 of 65 new biomes in 1.693 ms
[08:55:32] [Server thread/INFO]: Starting minecraft server version 1.21.8
[08:55:32] [Server thread/INFO]: Loading properties
[08:55:32] [Server thread/INFO]: Default game type: SURVIVAL
[08:55:32] [Server thread/INFO]: Generating keypair
[08:55:32] [Server thread/INFO]: Starting Minecraft server on *:25565
[08:55:32] [Server thread/INFO]: Using epoll channel type
[08:55:32] [Server thread/INFO]: Preparing level "world"
[08:55:33] [Server thread/INFO]: Preparing start region for dimension minecraft:overworld
[08:55:35] [Worker-Main-2/INFO]: Preparing spawn area: 0%
[08:55:35] [Worker-Main-2/INFO]: Preparing spawn area: 0%
[08:55:35] [Worker-Main-2/INFO]: Preparing spawn area: 0%
[08:55:35] [Worker-Main-2/INFO]: Preparing spawn area: 0%
[08:55:35] [Worker-Main-2/INFO]: Preparing spawn area: 0%
[08:55:35] [Worker-Main-1/INFO]: Preparing spawn area: 0%
[08:55:35] [Server thread/INFO]: Time elapsed: 2614 ms
[08:55:35] [Server thread/INFO]: Done (3.293s)! For help, type "help"
[08:55:35] [Server thread/INFO]: Starting remote control listener
[08:55:35] [Server thread/INFO]: Thread RCON Listener started
[08:55:35] [Server thread/INFO]: RCON running on 0.0.0.0:25575
[08:55:35] [Server thread/INFO]: Loading Xaero's Minimap - Stage 2/2 (Server)
[08:55:44] [RCON Listener #1/INFO]: Thread RCON Client /0:0:0:0:0:0:0:1 started
[08:55:44] [Server thread/INFO]: [Rcon: Stopping the server]
[08:55:44] [RCON Client /0:0:0:0:0:0:0:1 #2/INFO]: Thread RCON Client /0:0:0:0:0:0:0:1 shutting down
[08:55:44] [Server thread/INFO]: Stopping server
[08:55:44] [Server thread/INFO]: Saving players
[08:55:44] [Server thread/INFO]: Saving worlds
[08:55:44] [Server thread/INFO]: Saving chunks for level 'ServerLevel[world]'/minecraft:overworld
[08:55:44] [Server thread/INFO]: Saving chunks for level 'ServerLevel[world]'/minecraft:the_end
[08:55:44] [Server thread/INFO]: Saving chunks for level 'ServerLevel[world]'/minecraft:the_nether
[08:55:44] [Server thread/INFO]: ThreadedAnvilChunkStorage (world): All chunks are saved
[08:55:44] [Server thread/INFO]: ThreadedAnvilChunkStorage (DIM1): All chunks are saved
[08:55:44] [Server thread/INFO]: ThreadedAnvilChunkStorage (DIM-1): All chunks are saved
[08:55:44] [Server thread/INFO]: ThreadedAnvilChunkStorage: All dimensions are saved
[08:55:44] [Server thread/INFO]: Thread RCON Listener stopped
